/SiteWebIF/Intranet-etudiant.php (565 hits)
/temps/style_emploi_du_temps.css (273 hits)
/temps/FondInsa.jpg (265 hits)
/temps/choix.gif (256 hits)
/temps/suivant.gif (255 hits)
/temps/precedent.gif (253 hits)
/temps/ (194 hits)
/temps/InsaIF.ico (182 hits)
/stages/bandeauFinal.jpg (148 hits)
/stages/style_pfe.css (145 hits)
GraphViz généré avec succès et sauvegardé dans le fichier : court.dot
