GraphViz généré avec succès et sauvegardé dans le fichier : graphevide
