/SiteWebIF/Intranet-etudiant.php (7305 hits)
/temps/ (2619 hits)
/notesif/ (2424 hits)
/temps/3IF1.ics (2165 hits)
/notesif (2006 hits)
/temps/4IF39.html (1865 hits)
/temps/3IF39.html (1738 hits)
/temps/4IF38.html (1565 hits)
/temps/4IF1.ics (1270 hits)
/temps/4IF40.html (1203 hits)
GraphViz généré avec succès et sauvegardé dans le fichier : court.dot
