/page2.html (3 hits)
/page3.html (1 hits)
/page1.html (1 hits)
GraphViz généré avec succès et sauvegardé dans le fichier : court.dot