error : file seems corrupted. please enter a correctly formatted apache log