/SiteWebIF/Intranet-etudiant.php (565 hits)
/temps/ (194 hits)
/notesif/ (134 hits)
/temps/3IF39.html (129 hits)
/temps/4IF39.html (114 hits)
/notesif (101 hits)
/temps/3IF1.ics (101 hits)
/temps/4IF1.ics (94 hits)
/temps/4IF38.html (90 hits)
/temps/3IF38.html (88 hits)
