error : inputFile 12 doesn't seem to exist, aborting