error : outputFile argument seems missing, aborting